I'm sorry, but errors were detected in your script. Please correct the
errors listed below, and try again.


File "game/script.rpy", line 1606: expected 'image_name_component' not found.
    show 
         ^

Ren'Py Version: Ren'Py 8.3.2.24090902
Sun Apr  5 15:12:13 2026
